# testschema

## Tables

| # | Name | Columns | Comment | Type |
| - | ---- | ------- | ------- | ---- |
| 1 | [a](a.md) | 2 | TABLE A |  |
| 2 | [b](b.md) | 2 | table b |  |
