# testschema

## Tables

| Name | Columns | Comment | Type |
| ---- | ------- | ------- | ---- |
| [a](a.md) | 2 | TABLE A |  |
| [a b](a%20b.md) | 2 | table b |  |

---

> Generated by [tbls](https://github.com/k1LoW/tbls)
