# testschema

---

## Tables

| Name      | Columns | Comment                        | Type |
| --------- | ------- | ------------------------------ | ---- |
| [a](a.md) | 2       | TABLE A<br><br>THIS IS TABLE A |      |
| [b](b.md) | 2       | table b                        |      |
