<?xml version="1.0" encoding="UTF-8" standalone="no"?>
<!DOCTYPE svg PUBLIC "-//W3C//DTD SVG 1.1//EN"
 "http://www.w3.org/Graphics/SVG/1.1/DTD/svg11.dtd">
<!-- Generated by graphviz version 2.40.1 (20161225.0304)
 -->
<!-- Title: testschema Pages: 1 -->
<svg width="164pt" height="406pt"
 viewBox="0.00 0.00 164.16 406.00" xmlns="http://www.w3.org/2000/svg" xmlns:xlink="http://www.w3.org/1999/xlink">
<g id="graph0" class="graph" transform="scale(1 1) rotate(0) translate(4 402)">
<title>testschema</title>
<polygon fill="#ffffff" stroke="transparent" points="-4,4 -4,-402 160.1588,-402 160.1588,4 -4,4"/>
<!-- a -->
<g id="node1" class="node">
<title>a</title>
<polygon fill="#efefef" stroke="transparent" points="72.6588,-319.5 72.6588,-354.5 113.6588,-354.5 113.6588,-319.5 72.6588,-319.5"/>
<polygon fill="none" stroke="#000000" points="72.6588,-319.5 72.6588,-354.5 113.6588,-354.5 113.6588,-319.5 72.6588,-319.5"/>
<text text-anchor="start" x="82.3198" y="-332.3" font-family="Arial Bold" font-size="18.00" fill="#000000">a</text>
<text text-anchor="start" x="92.326" y="-332.3" font-family="Arial" font-size="14.00" fill="#000000"> </text>
<text text-anchor="start" x="96.2166" y="-332.3" font-family="Arial" font-size="14.00" fill="#666666">[]</text>
<polygon fill="none" stroke="#000000" points="72.6588,-289.5 72.6588,-319.5 113.6588,-319.5 113.6588,-289.5 72.6588,-289.5"/>
<text text-anchor="start" x="79.6588" y="-300.9" font-family="Arial" font-size="14.00" fill="#000000">a </text>
<text text-anchor="start" x="91.332" y="-300.9" font-family="Arial" font-size="14.00" fill="#666666">[]</text>
<polygon fill="none" stroke="#000000" points="72.6588,-259.5 72.6588,-289.5 113.6588,-289.5 113.6588,-259.5 72.6588,-259.5"/>
<text text-anchor="start" x="79.5403" y="-270.9" font-family="Arial" font-size="14.00" fill="#000000">a2 </text>
<text text-anchor="start" x="98.9961" y="-270.9" font-family="Arial" font-size="14.00" fill="#666666">[]</text>
</g>
<!-- b -->
<g id="node2" class="node">
<title>b</title>
<polygon fill="#efefef" stroke="transparent" points="72.6588,-102.5 72.6588,-137.5 113.6588,-137.5 113.6588,-102.5 72.6588,-102.5"/>
<polygon fill="none" stroke="#000000" points="72.6588,-102.5 72.6588,-137.5 113.6588,-137.5 113.6588,-102.5 72.6588,-102.5"/>
<text text-anchor="start" x="82.3198" y="-115.3" font-family="Arial Bold" font-size="18.00" fill="#000000">b</text>
<text text-anchor="start" x="92.326" y="-115.3" font-family="Arial" font-size="14.00" fill="#000000"> </text>
<text text-anchor="start" x="96.2166" y="-115.3" font-family="Arial" font-size="14.00" fill="#666666">[]</text>
<polygon fill="none" stroke="#000000" points="72.6588,-72.5 72.6588,-102.5 113.6588,-102.5 113.6588,-72.5 72.6588,-72.5"/>
<text text-anchor="start" x="79.6588" y="-83.9" font-family="Arial" font-size="14.00" fill="#000000">b </text>
<text text-anchor="start" x="91.332" y="-83.9" font-family="Arial" font-size="14.00" fill="#666666">[]</text>
<polygon fill="none" stroke="#000000" points="72.6588,-42.5 72.6588,-72.5 113.6588,-72.5 113.6588,-42.5 72.6588,-42.5"/>
<text text-anchor="start" x="79.5403" y="-53.9" font-family="Arial" font-size="14.00" fill="#000000">b2 </text>
<text text-anchor="start" x="98.9961" y="-53.9" font-family="Arial" font-size="14.00" fill="#666666">[]</text>
</g>
<!-- a&#45;&gt;b -->
<g id="edge1" class="edge">
<title>a:a&#45;&gt;b:b</title>
<path fill="none" stroke="#000000" d="M72.6588,-304.5C-20.3009,-304.5 -23.6598,-102.8983 62.5821,-88.3295"/>
<polygon fill="#000000" stroke="#000000" points="72.6588,-87.5 63.0617,-92.8053 67.6756,-87.9102 62.6925,-88.3205 62.6925,-88.3205 62.6925,-88.3205 67.6756,-87.9102 62.3233,-83.8356 72.6588,-87.5 72.6588,-87.5"/>
</g>
</g>
</svg>
