<?xml version="1.0" encoding="UTF-8" standalone="no"?>
<!DOCTYPE svg PUBLIC "-//W3C//DTD SVG 1.1//EN"
 "http://www.w3.org/Graphics/SVG/1.1/DTD/svg11.dtd">
<!-- Generated by graphviz version 2.40.1 (20161225.0304)
 -->
<!-- Title: a Pages: 1 -->
<svg width="168pt" height="412pt"
 viewBox="0.00 0.00 168.16 412.00" xmlns="http://www.w3.org/2000/svg" xmlns:xlink="http://www.w3.org/1999/xlink">
<g id="graph0" class="graph" transform="scale(1 1) rotate(0) translate(4 408)">
<title>a</title>
<polygon fill="#ffffff" stroke="transparent" points="-4,4 -4,-408 164.1633,-408 164.1633,4 -4,4"/>
<!-- a -->
<g id="node1" class="node">
<title>a</title>
<polygon fill="#efefef" stroke="transparent" points="73.6633,-322.5 73.6633,-357.5 114.6633,-357.5 114.6633,-322.5 73.6633,-322.5"/>
<polygon fill="none" stroke="#000000" points="73.6633,-322.5 73.6633,-357.5 114.6633,-357.5 114.6633,-322.5 73.6633,-322.5"/>
<text text-anchor="start" x="83.3243" y="-335.3" font-family="Arial Bold" font-size="18.00" fill="#000000">a</text>
<text text-anchor="start" x="93.3305" y="-335.3" font-family="Arial" font-size="14.00" fill="#000000"> </text>
<text text-anchor="start" x="97.2211" y="-335.3" font-family="Arial" font-size="14.00" fill="#666666">[]</text>
<polygon fill="none" stroke="#000000" points="73.6633,-292.5 73.6633,-322.5 114.6633,-322.5 114.6633,-292.5 73.6633,-292.5"/>
<text text-anchor="start" x="80.6633" y="-303.9" font-family="Arial" font-size="14.00" fill="#000000">a </text>
<text text-anchor="start" x="92.3365" y="-303.9" font-family="Arial" font-size="14.00" fill="#666666">[]</text>
<polygon fill="none" stroke="#000000" points="73.6633,-262.5 73.6633,-292.5 114.6633,-292.5 114.6633,-262.5 73.6633,-262.5"/>
<text text-anchor="start" x="80.5448" y="-273.9" font-family="Arial" font-size="14.00" fill="#000000">a2 </text>
<text text-anchor="start" x="100.0006" y="-273.9" font-family="Arial" font-size="14.00" fill="#666666">[]</text>
<polygon fill="none" stroke="#000000" stroke-width="3" points="71.6633,-261.5 71.6633,-359.5 115.6633,-359.5 115.6633,-261.5 71.6633,-261.5"/>
</g>
<!-- b -->
<g id="node2" class="node">
<title>b</title>
<polygon fill="#efefef" stroke="transparent" points="73.6633,-102.5 73.6633,-137.5 114.6633,-137.5 114.6633,-102.5 73.6633,-102.5"/>
<polygon fill="none" stroke="#000000" points="73.6633,-102.5 73.6633,-137.5 114.6633,-137.5 114.6633,-102.5 73.6633,-102.5"/>
<text text-anchor="start" x="83.3243" y="-115.3" font-family="Arial Bold" font-size="18.00" fill="#000000">b</text>
<text text-anchor="start" x="93.3305" y="-115.3" font-family="Arial" font-size="14.00" fill="#000000"> </text>
<text text-anchor="start" x="97.2211" y="-115.3" font-family="Arial" font-size="14.00" fill="#666666">[]</text>
<polygon fill="none" stroke="#000000" points="73.6633,-72.5 73.6633,-102.5 114.6633,-102.5 114.6633,-72.5 73.6633,-72.5"/>
<text text-anchor="start" x="80.6633" y="-83.9" font-family="Arial" font-size="14.00" fill="#000000">b </text>
<text text-anchor="start" x="92.3365" y="-83.9" font-family="Arial" font-size="14.00" fill="#666666">[]</text>
<polygon fill="none" stroke="#000000" points="73.6633,-42.5 73.6633,-72.5 114.6633,-72.5 114.6633,-42.5 73.6633,-42.5"/>
<text text-anchor="start" x="80.5448" y="-53.9" font-family="Arial" font-size="14.00" fill="#000000">b2 </text>
<text text-anchor="start" x="100.0006" y="-53.9" font-family="Arial" font-size="14.00" fill="#666666">[]</text>
</g>
<!-- a&#45;&gt;b -->
<g id="edge1" class="edge">
<title>a:a&#45;&gt;b:b</title>
<path fill="none" stroke="#000000" d="M73.6633,-307.5C-20.5815,-307.5 -23.9869,-103.1112 63.4473,-88.3409"/>
<polygon fill="#000000" stroke="#000000" points="73.6633,-87.5 64.0662,-92.8053 68.6801,-87.9102 63.697,-88.3205 63.697,-88.3205 63.697,-88.3205 68.6801,-87.9102 63.3278,-83.8356 73.6633,-87.5 73.6633,-87.5"/>
</g>
</g>
</svg>
